WARNING: Ignoring invalid distribution ~andas (/home/jovyan/.local/lib/python3.11/site-packages)
Successfully installed elastic-transport-8.17.1 elasticsearch-8.13.0
WARNING: Ignoring invalid distribution ~andas (/home/jovyan/.local/lib/python3.11/site-packages)
WARNING: Ignoring invalid distribution ~andas (/home/jovyan/.local/lib/python3.11/site-packages)

[notice] A new release of pip is available: 25.1 -> 25.3
[notice] To update, run: pip install --upgrade pip
1007250000@silver-wildcat-0:~$ ls
Documents               elasticsearch-8.13.0-linux-x86_64.tar.gz  nltk_data            playwright_setup.py  test-automation
bin                     graphviz_download                         ollama               playwright_wheels
dunkin                  graphviz_install                          ollama_test          setup_local_odbc.sh
elastic_install.tar.gz  local                                     playwright_browsers  silver-iguana
elasticsearch           lost+found                                playwright_libs      summers-forever
1007250000@silver-wildcat-0:~$ cd elasticsearch
1007250000@silver-wildcat-0:~/elasticsearch$ ls
LICENSE.txt  NOTICE.txt  README.asciidoc  bin  config  data  jdk  lib  logs  modules  plugins  start_es.py
1007250000@silver-wildcat-0:~/elasticsearch$ python start_es.py 
Starting Elasticsearch from /home/jovyan/elasticsearch/bin/elasticsearch
Elasticsearch is starting... (ctrl+C won't stop it here)
1007250000@silver-wildcat-0:~/elasticsearch$ Jan 26, 2026 3:31:25 PM sun.util.locale.provider.LocaleProviderAdapter <clinit>
WARNING: COMPAT locale provider will be removed in a future release
[2026-01-26T15:31:25,647][INFO ][o.e.n.NativeAccess       ] [silver-wildcat-0] Using [jdk] native provider and native methods for [Linux]
[2026-01-26T15:31:25,939][INFO ][o.a.l.i.v.PanamaVectorizationProvider] [silver-wildcat-0] Java vector incubator API enabled; uses preferredBitSize=256; FMA enabled
[2026-01-26T15:31:26,368][INFO ][o.e.n.Node               ] [silver-wildcat-0] version[8.13.0], pid[3712], build[tar/09df99393193b2c53d92899662a8b8b3c55b45cd/2024-03-22T03:35:46.757803203Z], OS[Linux/5.14.0-427.97.1.el9_4.x86_64/amd64], JVM[Oracle Corporation/OpenJDK 64-Bit Server VM/22/22+36-2370]
[2026-01-26T15:31:26,370][INFO ][o.e.n.Node               ] [silver-wildcat-0] JVM home [/home/jovyan/elasticsearch/jdk], using bundled JDK [true]
[2026-01-26T15:31:26,370][INFO ][o.e.n.Node               ] [silver-wildcat-0] JVM arguments [-Des.networkaddress.cache.ttl=60, -Des.networkaddress.cache.negative.ttl=10, -Djava.security.manager=allow, -XX:+AlwaysPreTouch, -Xss1m, -Djava.awt.headless=true, -Dfile.encoding=UTF-8, -Djna.nosys=true, -XX:-OmitStackTraceInFastThrow, -Dio.netty.noUnsafe=true, -Dio.netty.noKeySetOptimization=true, -Dio.netty.recycler.maxCapacityPerThread=0, -Dlog4j.shutdownHookEnabled=false, -Dlog4j2.disable.jmx=true, -Dlog4j2.formatMsgNoLookups=true, -Djava.locale.providers=SPI,COMPAT, --add-opens=java.base/java.io=org.elasticsearch.preallocate, --enable-native-access=org.elasticsearch.nativeaccess, -XX:ReplayDataFile=logs/replay_pid%p.log, -Des.distribution.type=tar, -XX:+UseG1GC, -Djava.io.tmpdir=/tmp/elasticsearch-3822036825984632153, --add-modules=jdk.incubator.vector, -XX:+HeapDumpOnOutOfMemoryError, -XX:+ExitOnOutOfMemoryError, -XX:HeapDumpPath=data, -XX:ErrorFile=logs/hs_err_pid%p.log, -Xlog:gc*,gc+age=trace,safepoint:file=logs/gc.log:utctime,level,pid,tags:filecount=32,filesize=64m, -Xms512m, -Xmx512m, -XX:MaxDirectMemorySize=268435456, -XX:G1HeapRegionSize=4m, -XX:InitiatingHeapOccupancyPercent=30, -XX:G1ReservePercent=15, --module-path=/home/jovyan/elasticsearch/lib, --add-modules=jdk.net, --add-modules=ALL-MODULE-PATH, -Djdk.module.main=org.elasticsearch.server]
[2026-01-26T15:31:26,371][INFO ][o.e.n.Node               ] [silver-wildcat-0] Default Locale [en_US]
[2026-01-26T15:31:29,072][INFO ][o.e.p.PluginsService     ] [silver-wildcat-0] loaded module [repository-url]
[2026-01-26T15:31:29,073][INFO ][o.e.p.PluginsService     ] [silver-wildcat-0] loaded module [rest-root]
[2026-01-26T15:31:29,073][INFO ][o.e.p.PluginsService     ] [silver-wildcat-0] loaded module [x-pack-core]
[2026-01-26T15:31:29,074][INFO ][o.e.p.PluginsService     ] [silver-wildcat-0] loaded module [x-pack-redact]
[2026-01-26T15:31:29,074][INFO ][o.e.p.PluginsService     ] [silver-wildcat-0] loaded module [ingest-user-agent]
[2026-01-26T15:31:29,074][INFO ][o.e.p.PluginsService     ] [silver-wildcat-0] loaded module [x-pack-async-search]
[2026-01-26T15:31:29,074][INFO ][o.e.p.PluginsService     ] [silver-wildcat-0] loaded module [x-pack-monitoring]
[2026-01-26T15:31:29,074][INFO ][o.e.p.PluginsService     ] [silver-wildcat-0] loaded module [repository-s3]
[2026-01-26T15:31:29,075][INFO ][o.e.p.PluginsService     ] [silver-wildcat-0] loaded module [x-pack-analytics]
[2026-01-26T15:31:29,075][INFO ][o.e.p.PluginsService     ] [silver-wildcat-0] loaded module [x-pack-ent-search]
[2026-01-26T15:31:29,075][INFO ][o.e.p.PluginsService     ] [silver-wildcat-0] loaded module [x-pack-autoscaling]
[2026-01-26T15:31:29,075][INFO ][o.e.p.PluginsService     ] [silver-wildcat-0] loaded module [lang-painless]
[2026-01-26T15:31:29,075][INFO ][o.e.p.PluginsService     ] [silver-wildcat-0] loaded module [x-pack-ml]
[2026-01-26T15:31:29,075][INFO ][o.e.p.PluginsService     ] [silver-wildcat-0] loaded module [legacy-geo]
[2026-01-26T15:31:29,076][INFO ][o.e.p.PluginsService     ] [silver-wildcat-0] loaded module [lang-mustache]
[2026-01-26T15:31:29,076][INFO ][o.e.p.PluginsService     ] [silver-wildcat-0] loaded module [x-pack-ql]
[2026-01-26T15:31:29,076][INFO ][o.e.p.PluginsService     ] [silver-wildcat-0] loaded module [rank-rrf]
[2026-01-26T15:31:29,076][INFO ][o.e.p.PluginsService     ] [silver-wildcat-0] loaded module [analysis-common]
[2026-01-26T15:31:29,076][INFO ][o.e.p.PluginsService     ] [silver-wildcat-0] loaded module [health-shards-availability]
[2026-01-26T15:31:29,076][INFO ][o.e.p.PluginsService     ] [silver-wildcat-0] loaded module [transport-netty4]
[2026-01-26T15:31:29,077][INFO ][o.e.p.PluginsService     ] [silver-wildcat-0] loaded module [aggregations]
[2026-01-26T15:31:29,077][INFO ][o.e.p.PluginsService     ] [silver-wildcat-0] loaded module [ingest-common]
[2026-01-26T15:31:29,077][INFO ][o.e.p.PluginsService     ] [silver-wildcat-0] loaded module [frozen-indices]
[2026-01-26T15:31:29,077][INFO ][o.e.p.PluginsService     ] [silver-wildcat-0] loaded module [x-pack-identity-provider]
[2026-01-26T15:31:29,077][INFO ][o.e.p.PluginsService     ] [silver-wildcat-0] loaded module [x-pack-text-structure]
[2026-01-26T15:31:29,077][INFO ][o.e.p.PluginsService     ] [silver-wildcat-0] loaded module [x-pack-shutdown]
[2026-01-26T15:31:29,078][INFO ][o.e.p.PluginsService     ] [silver-wildcat-0] loaded module [snapshot-repo-test-kit]
[2026-01-26T15:31:29,078][INFO ][o.e.p.PluginsService     ] [silver-wildcat-0] loaded module [ml-package-loader]
[2026-01-26T15:31:29,078][INFO ][o.e.p.PluginsService     ] [silver-wildcat-0] loaded module [kibana]
[2026-01-26T15:31:29,078][INFO ][o.e.p.PluginsService     ] [silver-wildcat-0] loaded module [constant-keyword]
[2026-01-26T15:31:29,078][INFO ][o.e.p.PluginsService     ] [silver-wildcat-0] loaded module [x-pack-logstash]
[2026-01-26T15:31:29,078][INFO ][o.e.p.PluginsService     ] [silver-wildcat-0] loaded module [x-pack-graph]
[2026-01-26T15:31:29,078][INFO ][o.e.p.PluginsService     ] [silver-wildcat-0] loaded module [x-pack-ccr]
[2026-01-26T15:31:29,079][INFO ][o.e.p.PluginsService     ] [silver-wildcat-0] loaded module [x-pack-esql]
[2026-01-26T15:31:29,079][INFO ][o.e.p.PluginsService     ] [silver-wildcat-0] loaded module [parent-join]
[2026-01-26T15:31:29,079][INFO ][o.e.p.PluginsService     ] [silver-wildcat-0] loaded module [counted-keyword]
[2026-01-26T15:31:29,079][INFO ][o.e.p.PluginsService     ] [silver-wildcat-0] loaded module [x-pack-enrich]
[2026-01-26T15:31:29,079][INFO ][o.e.p.PluginsService     ] [silver-wildcat-0] loaded module [repositories-metering-api]
[2026-01-26T15:31:29,079][INFO ][o.e.p.PluginsService     ] [silver-wildcat-0] loaded module [transform]
[2026-01-26T15:31:29,080][INFO ][o.e.p.PluginsService     ] [silver-wildcat-0] loaded module [repository-azure]
[2026-01-26T15:31:29,080][INFO ][o.e.p.PluginsService     ] [silver-wildcat-0] loaded module [repository-gcs]
[2026-01-26T15:31:29,080][INFO ][o.e.p.PluginsService     ] [silver-wildcat-0] loaded module [spatial]
[2026-01-26T15:31:29,080][INFO ][o.e.p.PluginsService     ] [silver-wildcat-0] loaded module [mapper-version]
[2026-01-26T15:31:29,080][INFO ][o.e.p.PluginsService     ] [silver-wildcat-0] loaded module [mapper-extras]
[2026-01-26T15:31:29,080][INFO ][o.e.p.PluginsService     ] [silver-wildcat-0] loaded module [apm]
[2026-01-26T15:31:29,080][INFO ][o.e.p.PluginsService     ] [silver-wildcat-0] loaded module [x-pack-rollup]
[2026-01-26T15:31:29,081][INFO ][o.e.p.PluginsService     ] [silver-wildcat-0] loaded module [percolator]
[2026-01-26T15:31:29,081][INFO ][o.e.p.PluginsService     ] [silver-wildcat-0] loaded module [x-pack-stack]
[2026-01-26T15:31:29,081][INFO ][o.e.p.PluginsService     ] [silver-wildcat-0] loaded module [data-streams]
[2026-01-26T15:31:29,081][INFO ][o.e.p.PluginsService     ] [silver-wildcat-0] loaded module [rank-eval]
[2026-01-26T15:31:29,081][INFO ][o.e.p.PluginsService     ] [silver-wildcat-0] loaded module [reindex]
[2026-01-26T15:31:29,081][INFO ][o.e.p.PluginsService     ] [silver-wildcat-0] loaded module [x-pack-security]
[2026-01-26T15:31:29,081][INFO ][o.e.p.PluginsService     ] [silver-wildcat-0] loaded module [blob-cache]
[2026-01-26T15:31:29,081][INFO ][o.e.p.PluginsService     ] [silver-wildcat-0] loaded module [searchable-snapshots]
[2026-01-26T15:31:29,082][INFO ][o.e.p.PluginsService     ] [silver-wildcat-0] loaded module [x-pack-slm]
[2026-01-26T15:31:29,082][INFO ][o.e.p.PluginsService     ] [silver-wildcat-0] loaded module [snapshot-based-recoveries]
[2026-01-26T15:31:29,082][INFO ][o.e.p.PluginsService     ] [silver-wildcat-0] loaded module [x-pack-watcher]
[2026-01-26T15:31:29,082][INFO ][o.e.p.PluginsService     ] [silver-wildcat-0] loaded module [old-lucene-versions]
[2026-01-26T15:31:29,082][INFO ][o.e.p.PluginsService     ] [silver-wildcat-0] loaded module [x-pack-ilm]
[2026-01-26T15:31:29,082][INFO ][o.e.p.PluginsService     ] [silver-wildcat-0] loaded module [x-pack-voting-only-node]
[2026-01-26T15:31:29,082][INFO ][o.e.p.PluginsService     ] [silver-wildcat-0] loaded module [x-pack-inference]
[2026-01-26T15:31:29,083][INFO ][o.e.p.PluginsService     ] [silver-wildcat-0] loaded module [x-pack-deprecation]
[2026-01-26T15:31:29,083][INFO ][o.e.p.PluginsService     ] [silver-wildcat-0] loaded module [x-pack-fleet]
[2026-01-26T15:31:29,083][INFO ][o.e.p.PluginsService     ] [silver-wildcat-0] loaded module [x-pack-aggregate-metric]
[2026-01-26T15:31:29,083][INFO ][o.e.p.PluginsService     ] [silver-wildcat-0] loaded module [x-pack-downsample]
[2026-01-26T15:31:29,083][INFO ][o.e.p.PluginsService     ] [silver-wildcat-0] loaded module [x-pack-profiling]
[2026-01-26T15:31:29,083][INFO ][o.e.p.PluginsService     ] [silver-wildcat-0] loaded module [ingest-geoip]
[2026-01-26T15:31:29,083][INFO ][o.e.p.PluginsService     ] [silver-wildcat-0] loaded module [x-pack-write-load-forecaster]
[2026-01-26T15:31:29,083][INFO ][o.e.p.PluginsService     ] [silver-wildcat-0] loaded module [search-business-rules]
[2026-01-26T15:31:29,084][INFO ][o.e.p.PluginsService     ] [silver-wildcat-0] loaded module [ingest-attachment]
[2026-01-26T15:31:29,084][INFO ][o.e.p.PluginsService     ] [silver-wildcat-0] loaded module [wildcard]
[2026-01-26T15:31:29,084][INFO ][o.e.p.PluginsService     ] [silver-wildcat-0] loaded module [x-pack-apm-data]
[2026-01-26T15:31:29,084][INFO ][o.e.p.PluginsService     ] [silver-wildcat-0] loaded module [unsigned-long]
[2026-01-26T15:31:29,084][INFO ][o.e.p.PluginsService     ] [silver-wildcat-0] loaded module [x-pack-sql]
[2026-01-26T15:31:29,084][INFO ][o.e.p.PluginsService     ] [silver-wildcat-0] loaded module [x-pack-async]
[2026-01-26T15:31:29,084][INFO ][o.e.p.PluginsService     ] [silver-wildcat-0] loaded module [runtime-fields-common]
[2026-01-26T15:31:29,085][INFO ][o.e.p.PluginsService     ] [silver-wildcat-0] loaded module [vector-tile]
[2026-01-26T15:31:29,085][INFO ][o.e.p.PluginsService     ] [silver-wildcat-0] loaded module [lang-expression]
[2026-01-26T15:31:29,085][INFO ][o.e.p.PluginsService     ] [silver-wildcat-0] loaded module [x-pack-eql]
[2026-01-26T15:31:29,670][ERROR][o.e.b.Elasticsearch      ] [silver-wildcat-0] fatal exception while booting Elasticsearchjava.lang.IllegalStateException: failed to obtain node locks, tried [/home/jovyan/elasticsearch/data]; maybe these locations are not writable or multiple nodes were started on the same data path?
        at org.elasticsearch.server@8.13.0/org.elasticsearch.env.NodeEnvironment.<init>(NodeEnvironment.java:293)
        at org.elasticsearch.server@8.13.0/org.elasticsearch.node.NodeConstruction.validateSettings(NodeConstruction.java:500)
        at org.elasticsearch.server@8.13.0/org.elasticsearch.node.NodeConstruction.prepareConstruction(NodeConstruction.java:255)
        at org.elasticsearch.server@8.13.0/org.elasticsearch.node.Node.<init>(Node.java:192)
        at org.elasticsearch.server@8.13.0/org.elasticsearch.bootstrap.Elasticsearch$2.<init>(Elasticsearch.java:237)

See logs for more details.

ERROR: Elasticsearch did not exit normally - check the logs at /home/jovyan/elasticsearch/logs/elasticsearch.log

ERROR: Elasticsearch died while starting up, with exit code 1

java.lang.IllegalStateException: failed to obtain node locks, tried [/home/jovyan/elasticsearch/data]; maybe these locations are not writable or multiple nodes were started on the same data path?
        at org.elasticsearch.env.NodeEnvironment.<init>(NodeEnvironment.java:293) ~[elasticsearch-8.13.0.jar:?]
        at org.elasticsearch.node.NodeConstruction.validateSettings(NodeConstruction.java:500) ~[elasticsearch-8.13.0.jar:?]
        at org.elasticsearch.node.NodeConstruction.prepareConstruction(NodeConstruction.java:255) ~[elasticsearch-8.13.0.jar:?]
        at org.elasticsearch.node.Node.<init>(Node.java:192) ~[elasticsearch-8.13.0.jar:?]
        at org.elasticsearch.bootstrap.Elasticsearch$2.<init>(Elasticsearch.java:237) ~[elasticsearch-8.13.0.jar:?]
        at org.elasticsearch.bootstrap.Elasticsearch.initPhase3(Elasticsearch.java:237) ~[elasticsearch-8.13.0.jar:?]
        at org.elasticsearch.bootstrap.Elasticsearch.main(Elasticsearch.java:74) ~[elasticsearch-8.13.0.jar:?]
Caused by: org.apache.lucene.store.LockObtainFailedException: Lock held by another program: /home/jovyan/elasticsearch/data/node.lock
        at org.apache.lucene.store.NativeFSLockFactory.obtainFSLock(NativeFSLockFactory.java:117) ~[lucene-core-9.10.0.jar:?]
        at org.apache.lucene.store.FSLockFactory.obtainLock(FSLockFactory.java:43) ~[lucene-core-9.10.0.jar:?]
        at org.apache.lucene.store.BaseDirectory.obtainLock(BaseDirectory.java:44) ~[lucene-core-9.10.0.jar:?]
        at org.elasticsearch.env.NodeEnvironment$NodeLock.<init>(NodeEnvironment.java:231) ~[elasticsearch-8.13.0.jar:?]
        at org.elasticsearch.env.NodeEnvironment$NodeLock.<init>(NodeEnvironment.java:206) ~[elasticsearch-8.13.0.jar:?]
        at org.elasticsearch.env.NodeEnvironment.<init>(NodeEnvironment.java:285) ~[elasticsearch-8.13.0.jar:?]
        ... 6 more


